// Jest Snapshot v1, https://goo.gl/fbAQLP

exports[`<AnimakitRotator /> should render 1`] = `
ShallowWrapper {
  "complexSelector": ComplexSelector {
    "buildPredicate": [Function],
    "childrenOfNode": [Function],
    "findWhereUnwrapped": [Function],
  },
  "length": 1,
  "node": <div
    style={null}
>
    <div
        style={null}
    >
        <div
            style={null}
        />
    </div>
</div>,
  "nodes": Array [
    <div
      style={null}
>
      <div
            style={null}
      >
            <div
                  style={null}
            />
      </div>
</div>,
  ],
  "options": Object {},
  "renderer": ReactShallowRenderer {
    "_instance":  {
      "_calledComponentWillUnmount": false,
      "_compositeType": 0,
      "_context": Object {},
      "_currentElement": <AnimakitBase
        axis="X"
        background={null}
        duration={1000}
        easing="cubic-bezier(.165,.84,.44,1)"
        shadow={false}
        side={0}
/>,
      "_debugID": 1,
      "_hostContainerInfo": null,
      "_hostParent": null,
      "_instance": AnimakitRotator {
        "_reactInternalInstance": [Circular],
        "animationResetTO": null,
        "changingProps": Array [
          "background",
          "shadow",
        ],
        "context": Object {},
        "is3DSupported": false,
        "listeners": Object {
          "checkResize": [Function],
          "winResize": [Function],
        },
        "props": Object {
          "axis": "X",
          "background": null,
          "duration": 1000,
          "easing": "cubic-bezier(.165,.84,.44,1)",
          "shadow": false,
          "side": 0,
        },
        "refs": Object {},
        "resizeCheckerRAF": null,
        "sidesDimensions": Array [],
        "sidesNodes": Array [],
        "state": Object {
          "animation": false,
          "currentSide": 0,
          "figureAngle": 0,
          "height": 0,
          "perspective": 0,
          "prevSide": 0,
          "sideOffset": 0,
          "sidesAngles": Array [],
          "sidesCount": 0,
          "turnover": 0,
          "width": 0,
          "winHeight": 0,
        },
        "updater": Object {
          "enqueueCallback": [Function],
          "enqueueCallbackInternal": [Function],
          "enqueueElementInternal": [Function],
          "enqueueForceUpdate": [Function],
          "enqueueReplaceState": [Function],
          "enqueueSetState": [Function],
          "isMounted": [Function],
          "validateCallback": [Function],
        },
        "useWinResize": true,
      },
      "_mountOrder": 1,
      "_pendingCallbacks": null,
      "_pendingElement": null,
      "_pendingForceUpdate": false,
      "_pendingReplaceState": false,
      "_pendingStateQueue": null,
      "_renderedComponent": NoopInternalComponent {
        "_currentElement": <div
          style={null}
>
          <div
                    style={null}
          >
                    <div
                              style={null}
                    />
          </div>
</div>,
        "_debugID": 2,
        "_renderedOutput": <div
          style={null}
>
          <div
                    style={null}
          >
                    <div
                              style={null}
                    />
          </div>
</div>,
      },
      "_renderedNodeType": 0,
      "_rootNodeID": 0,
      "_topLevelWrapper": null,
      "_updateBatchNumber": null,
      "_warnedAboutRefsInRender": false,
    },
    "getRenderOutput": [Function],
    "render": [Function],
  },
  "root": [Circular],
  "unrendered": <AnimakitBase
    axis="X"
    background={null}
    duration={1000}
    easing="cubic-bezier(.165,.84,.44,1)"
    shadow={false}
    side={0}
/>,
}
`;
